pybullet build time: Jun  7 2026 13:30:49
Gym has been unmaintained since 2022 and does not support NumPy 2.0 amongst other critical functionality.
Please upgrade to Gymnasium, the maintained drop-in replacement of Gym, or contact the authors of your software and request that they upgrade.
Users of this version of Gym should be able to simply replace 'import gym' with 'import gymnasium as gym' in the vast majority of cases.
See the migration guide at https://gymnasium.farama.org/introduction/migration_guide/ for additional information.
/workspace/bts/calvin/calvin_env/calvin_env/envs/play_table_env.py:292: UserWarning: 
The version_base parameter is not specified.
Please specify a compatability version level, or None.
Will assume defaults for version 1.1
  @hydra.main(config_path="../../conf", config_name="config_data_collection")
/tmp/oracle_replay_scan.py:54: UserWarning: 
The version_base parameter is not specified.
Please specify a compatability version level, or None.
Will assume defaults for version 1.1
  if not hydra.core.global_hydra.GlobalHydra.instance().is_initialized(): hydra.initialize('.')
EGL device choice: 0 of 3 (from EGL_VISIBLE_DEVICES)
{"idx": 0, "target": "open_drawer", "text": "open the drawer", "range": [40, 104], "stored_first_target_off": null, "stored_first_any": null, "stored_any_events": [], "abs_first_target_off": 61, "abs_first_any": {"off": 61, "hits": ["open_drawer"]}, "abs_any_events": [{"off": 61, "hits": ["open_drawer"]}, {"off": 62, "hits": ["open_drawer"]}, {"off": 63, "hits": ["open_drawer"]}], "rel_first_target_off": 61, "rel_first_any": {"off": 61, "hits": ["open_drawer"]}, "rel_any_events": [{"off": 61, "hits": ["open_drawer"]}, {"off": 62, "hits": ["open_drawer"]}, {"off": 63, "hits": ["open_drawer"]}]}
{"idx": 2, "target": "turn_on_led", "text": "toggle the button to turn on the led light", "range": [152, 216], "stored_first_target_off": null, "stored_first_any": {"off": 59, "hits": ["turn_on_lightbulb"]}, "stored_any_events": [{"off": 59, "hits": ["turn_on_lightbulb"]}, {"off": 60, "hits": ["turn_on_lightbulb"]}, {"off": 61, "hits": ["turn_on_lightbulb"]}, {"off": 62, "hits": ["turn_on_lightbulb"]}, {"off": 63, "hits": ["turn_on_lightbulb"]}], "abs_first_target_off": 59, "abs_first_any": {"off": 59, "hits": ["turn_on_led"]}, "abs_any_events": [{"off": 59, "hits": ["turn_on_led"]}, {"off": 60, "hits": ["turn_on_led"]}, {"off": 61, "hits": ["turn_on_led"]}, {"off": 62, "hits": ["turn_on_led"]}, {"off": 63, "hits": ["turn_on_led"]}], "rel_first_target_off": 59, "rel_first_any": {"off": 59, "hits": ["turn_on_led"]}, "rel_any_events": [{"off": 59, "hits": ["turn_on_led"]}, {"off": 60, "hits": ["turn_on_led"]}, {"off": 61, "hits": ["turn_on_led"]}, {"off": 62, "hits": ["turn_on_led"]}, {"off": 63, "hits": ["turn_on_led"]}]}
{"idx": 4, "target": "lift_blue_block_slider", "text": "lift the blue block lying in the sliding cabinet", "range": [264, 328], "stored_first_target_off": null, "stored_first_any": {"off": 62, "hits": ["lift_pink_block_slider"]}, "stored_any_events": [{"off": 62, "hits": ["lift_pink_block_slider"]}, {"off": 63, "hits": ["lift_pink_block_slider"]}, {"off": 64, "hits": ["lift_pink_block_slider"]}], "abs_first_target_off": null, "abs_first_any": null, "abs_any_events": [], "rel_first_target_off": null, "rel_first_any": null, "rel_any_events": []}
{"idx": 6, "target": "move_slider_left", "text": "grasp the door handle and slide the door to the left", "range": [376, 440], "stored_first_target_off": null, "stored_first_any": {"off": 56, "hits": ["open_drawer"]}, "stored_any_events": [{"off": 56, "hits": ["open_drawer"]}, {"off": 57, "hits": ["open_drawer"]}, {"off": 58, "hits": ["open_drawer"]}, {"off": 59, "hits": ["open_drawer"]}, {"off": 60, "hits": ["open_drawer"]}], "abs_first_target_off": null, "abs_first_any": null, "abs_any_events": [], "rel_first_target_off": null, "rel_first_any": null, "rel_any_events": []}
{"idx": 8, "target": "lift_red_block_slider", "text": "pick up the red block from the sliding cabinet", "range": [480, 544], "stored_first_target_off": null, "stored_first_any": null, "stored_any_events": [], "abs_first_target_off": null, "abs_first_any": {"off": 56, "hits": ["lift_blue_block_slider"]}, "abs_any_events": [{"off": 56, "hits": ["lift_blue_block_slider"]}, {"off": 57, "hits": ["lift_blue_block_slider"]}, {"off": 58, "hits": ["lift_blue_block_slider"]}, {"off": 59, "hits": ["lift_blue_block_slider"]}, {"off": 60, "hits": ["lift_blue_block_slider"]}], "rel_first_target_off": null, "rel_first_any": {"off": 56, "hits": ["lift_blue_block_slider"]}, "rel_any_events": [{"off": 56, "hits": ["lift_blue_block_slider"]}, {"off": 57, "hits": ["lift_blue_block_slider"]}, {"off": 58, "hits": ["lift_blue_block_slider"]}, {"off": 59, "hits": ["lift_blue_block_slider"]}, {"off": 60, "hits": ["lift_blue_block_slider"]}]}
{"idx": 9, "target": "place_in_drawer", "text": "store the object in the drawer", "range": [536, 600], "stored_first_target_off": null, "stored_first_any": null, "stored_any_events": [], "abs_first_target_off": null, "abs_first_any": {"off": 56, "hits": ["close_drawer"]}, "abs_any_events": [{"off": 56, "hits": ["close_drawer"]}, {"off": 57, "hits": ["close_drawer"]}, {"off": 58, "hits": ["close_drawer"]}, {"off": 59, "hits": ["close_drawer"]}, {"off": 60, "hits": ["close_drawer"]}], "rel_first_target_off": null, "rel_first_any": null, "rel_any_events": []}
{"idx": 11, "target": "close_drawer", "text": "go close the drawer", "range": [600, 664], "stored_first_target_off": null, "stored_first_any": null, "stored_any_events": [], "abs_first_target_off": 3, "abs_first_any": {"off": 3, "hits": ["close_drawer"]}, "abs_any_events": [{"off": 3, "hits": ["close_drawer"]}, {"off": 4, "hits": ["close_drawer"]}, {"off": 5, "hits": ["close_drawer"]}, {"off": 6, "hits": ["close_drawer"]}, {"off": 7, "hits": ["close_drawer"]}], "rel_first_target_off": 3, "rel_first_any": {"off": 3, "hits": ["close_drawer"]}, "rel_any_events": [{"off": 3, "hits": ["close_drawer"]}, {"off": 4, "hits": ["close_drawer"]}, {"off": 5, "hits": ["close_drawer"]}, {"off": 6, "hits": ["close_drawer"]}, {"off": 7, "hits": ["close_drawer"]}]}
{"idx": 13, "target": "lift_pink_block_table", "text": "grasp the pink block on the table, then lift it up", "range": [752, 816], "stored_first_target_off": null, "stored_first_any": {"off": 62, "hits": ["lift_red_block_table"]}, "stored_any_events": [{"off": 62, "hits": ["lift_red_block_table"]}, {"off": 63, "hits": ["lift_red_block_table"]}, {"off": 64, "hits": ["lift_red_block_table"]}], "abs_first_target_off": null, "abs_first_any": {"off": 63, "hits": ["lift_red_block_table"]}, "abs_any_events": [{"off": 63, "hits": ["lift_red_block_table"]}], "rel_first_target_off": null, "rel_first_any": {"off": 62, "hits": ["lift_red_block_table"]}, "rel_any_events": [{"off": 62, "hits": ["lift_red_block_table"]}, {"off": 63, "hits": ["lift_red_block_table"]}]}
{"idx": 15, "target": "place_in_slider", "text": "place the block in the slider", "range": [809, 856], "stored_first_target_off": 41, "stored_first_any": {"off": 41, "hits": ["place_in_slider"]}, "stored_any_events": [{"off": 41, "hits": ["place_in_slider"]}, {"off": 42, "hits": ["place_in_slider"]}, {"off": 43, "hits": ["place_in_slider"]}, {"off": 44, "hits": ["place_in_slider"]}, {"off": 45, "hits": ["place_in_slider"]}], "abs_first_target_off": null, "abs_first_any": null, "abs_any_events": [], "rel_first_target_off": null, "rel_first_any": null, "rel_any_events": []}
{"idx": 17, "target": "turn_on_lightbulb", "text": "turn on the light bulb", "range": [860, 896], "stored_first_target_off": null, "stored_first_any": {"off": 34, "hits": ["turn_on_led"]}, "stored_any_events": [{"off": 34, "hits": ["turn_on_led"]}, {"off": 35, "hits": ["turn_on_led"]}, {"off": 36, "hits": ["turn_on_led"]}], "abs_first_target_off": null, "abs_first_any": null, "abs_any_events": [], "rel_first_target_off": null, "rel_first_any": null, "rel_any_events": []}
{"idx": 19, "target": "turn_off_led", "text": "turn off the led lamp", "range": [904, 968], "stored_first_target_off": null, "stored_first_any": {"off": 60, "hits": ["turn_off_lightbulb"]}, "stored_any_events": [{"off": 60, "hits": ["turn_off_lightbulb"]}, {"off": 61, "hits": ["turn_off_lightbulb"]}, {"off": 62, "hits": ["turn_off_lightbulb"]}, {"off": 63, "hits": ["turn_off_lightbulb"]}, {"off": 64, "hits": ["turn_off_lightbulb"]}], "abs_first_target_off": null, "abs_first_any": null, "abs_any_events": [], "rel_first_target_off": null, "rel_first_any": null, "rel_any_events": []}
{"idx": 21, "target": "lift_blue_block_table", "text": "grasp the blue block on the table and lift it up", "range": [984, 1048], "stored_first_target_off": null, "stored_first_any": {"off": 56, "hits": ["lift_pink_block_table"]}, "stored_any_events": [{"off": 56, "hits": ["lift_pink_block_table"]}, {"off": 57, "hits": ["lift_pink_block_table"]}, {"off": 58, "hits": ["lift_pink_block_table"]}, {"off": 59, "hits": ["lift_pink_block_table"]}, {"off": 60, "hits": ["lift_pink_block_table"]}], "abs_first_target_off": null, "abs_first_any": {"off": 0, "hits": ["turn_on_lightbulb"]}, "abs_any_events": [{"off": 0, "hits": ["turn_on_lightbulb"]}, {"off": 1, "hits": ["turn_on_lightbulb"]}, {"off": 2, "hits": ["turn_on_lightbulb"]}, {"off": 3, "hits": ["turn_on_lightbulb"]}, {"off": 4, "hits": ["turn_on_lightbulb"]}], "rel_first_target_off": null, "rel_first_any": {"off": 0, "hits": ["turn_on_lightbulb"]}, "rel_any_events": [{"off": 0, "hits": ["turn_on_lightbulb"]}, {"off": 1, "hits": ["turn_on_lightbulb"]}, {"off": 2, "hits": ["turn_on_lightbulb"]}, {"off": 3, "hits": ["turn_on_lightbulb"]}, {"off": 4, "hits": ["turn_on_lightbulb"]}]}
===SUMMARY===
{
  "n": 12,
  "stored_target_hits": 1,
  "stored_any_hits": 8,
  "abs_target_hits": 3,
  "abs_any_hits": 7,
  "rel_target_hits": 3,
  "rel_any_hits": 6
}
disconnecting id 0 from server
argv[0]=--width=200
argv[1]=--height=200
Loaded EGL 1.5 after reload.
GL_VENDOR=NVIDIA Corporation
GL_RENDERER=NVIDIA GB10/PCIe
GL_VERSION=3.3.0 NVIDIA 580.159.03
GL_SHADING_LANGUAGE_VERSION=3.30 NVIDIA via Cg compiler
Version = 3.3.0 NVIDIA 580.159.03
Vendor = NVIDIA Corporation
Renderer = NVIDIA GB10/PCIe
ven = NVIDIA Corporation
ven = NVIDIA Corporation
Destroy EGL OpenGL window.
